!***************  OTDT CONTRIBUTION  ******************************************************** 

!-- Don't set version numbers for features, otherwise pdebuild would complain about a non-existent Basedir: -- 
feature@org.eclipse.objectteams.otdt=SVN,url=file://localhost/svnroot/tools/org.eclipse.objectteams,path=features/org.eclipse.objectteams.otdt.feature,tag=branches/maintenance/Eclipse_3.6_OTDT_0.7
feature@org.eclipse.objectteams.otdt.core.patch=SVN,url=file://localhost/svnroot/tools/org.eclipse.objectteams,path=features/org.eclipse.objectteams.otdt.core.patch,tag=branches/maintenance/Eclipse_3.6_OTDT_0.7
feature@org.eclipse.objectteams.otequinox=SVN,url=file://localhost/svnroot/tools/org.eclipse.objectteams,path=features/org.eclipse.objectteams.otequinox.feature,tag=branches/maintenance/Eclipse_3.6_OTDT_0.7

!-- Also don't use version numbers for those plugins that hold the various otre jars: --
plugin@org.eclipse.jdt.core,3.6.2.v_OTDT_r072_qualifier=SVN,url=file://localhost/svnroot/tools/org.eclipse.objectteams,path=plugins/org.eclipse.jdt.core,tag=branches/maintenance/Eclipse_3.6_OTDT_0.7
plugin@org.eclipse.objectteams.otdt=SVN,url=file://localhost/svnroot/tools/org.eclipse.objectteams,path=plugins/org.eclipse.objectteams.otdt,tag=branches/maintenance/Eclipse_3.6_OTDT_0.7
plugin@org.eclipse.objectteams.otdt.debug,0.7.1=SVN,url=file://localhost/svnroot/tools/org.eclipse.objectteams,path=plugins/org.eclipse.objectteams.otdt.debug,tag=tags/builds/201009231851
plugin@org.eclipse.objectteams.otdt.debug.ui,0.7.1=SVN,url=file://localhost/svnroot/tools/org.eclipse.objectteams,path=plugins/org.eclipse.objectteams.otdt.debug.ui,tag=tags/builds/201009231851
plugin@org.eclipse.objectteams.otdt.ui,0.7.1=SVN,url=file://localhost/svnroot/tools/org.eclipse.objectteams,path=plugins/org.eclipse.objectteams.otdt.ui,tag=tags/builds/201009231851
plugin@org.eclipse.objectteams.otdt.metrics,0.7.0=SVN,url=file://localhost/svnroot/tools/org.eclipse.objectteams,path=plugins/org.eclipse.objectteams.otdt.metrics

plugin@org.eclipse.objectteams.runtime=SVN,url=file://localhost/svnroot/tools/org.eclipse.objectteams,path=plugins/org.eclipse.objectteams.runtime,tag=tags/builds/201009231851
fragment@org.eclipse.objectteams.otequinox.hook,0.7.1=SVN,url=file://localhost/svnroot/tools/org.eclipse.objectteams,path=plugins/org.eclipse.objectteams.otequinox.hook,tag=tags/builds/201009231851
fragment@org.eclipse.objectteams.otequinox.sunjvm,0.7.0=SVN,url=file://localhost/svnroot/tools/org.eclipse.objectteams,path=plugins/org.eclipse.objectteams.otequinox.sunjvm,tag=tags/builds/201009231851
!the following is also referenced in otdt.ui.help/buildDoc.xml (plugin-name without version):
plugin@org.eclipse.objectteams.otequinox=SVN,url=file://localhost/svnroot/tools/org.eclipse.objectteams,path=plugins/org.eclipse.objectteams.otequinox,tag=tags/builds/201009231851
plugin@org.eclipse.objectteams.eclipse.monitor,0.7.0=SVN,url=file://localhost/svnroot/tools/org.eclipse.objectteams,path=plugins/org.eclipse.objectteams.eclipse.monitor,tag=tags/builds/201006211729

!not currently maintained:
!plugin@org.eclipse.objectteams.otdt.earlyui=SVN,url=file://localhost/svnroot/tools/org.eclipse.objectteams,path=plugins/org.eclipse.objectteams.otdt.earlyui
!plugin@org.eclipse.objectteams.otdt.metrics.export=SVN,url=file://localhost/svnroot/tools/org.eclipse.objectteams,path=plugins/org.eclipse.objectteams.otdt.metrics.export

!** OT/J Plugins **!
plugin@org.eclipse.objectteams.otequinox.branding,0.7.0=SVN,url=file://localhost/svnroot/tools/org.eclipse.objectteams,path=plugins/org.eclipse.objectteams.otequinox.branding,tag=tags/builds/201006211729
plugin@org.eclipse.objectteams.otdt.jdt.ui,0.7.2=SVN,url=file://localhost/svnroot/tools/org.eclipse.objectteams,path=plugins/org.eclipse.objectteams.otdt.jdt.ui,tag=branches/maintenance/Eclipse_3.6_OTDT_0.7
plugin@org.eclipse.objectteams.otdt.ui.help,0.7.1=SVN,url=file://localhost/svnroot/tools/org.eclipse.objectteams,path=plugins/org.eclipse.objectteams.otdt.ui.help,tag=tags/builds/201009231851
plugin@org.eclipse.objectteams.otdt.apt,0.7.2=SVN,url=file://localhost/svnroot/tools/org.eclipse.objectteams,path=plugins/org.eclipse.objectteams.otdt.apt,tag=branches/maintenance/Eclipse_3.6_OTDT_0.7
plugin@org.eclipse.objectteams.otdt.compiler.adaptor,0.7.2=SVN,url=file://localhost/svnroot/tools/org.eclipse.objectteams,path=plugins/org.eclipse.objectteams.otdt.compiler.adaptor,tag=branches/maintenance/Eclipse_3.6_OTDT_0.7
plugin@org.eclipse.objectteams.otdt.debug.adaptor,0.7.1=SVN,url=file://localhost/svnroot/tools/org.eclipse.objectteams,path=plugins/org.eclipse.objectteams.otdt.debug.adaptor,tag=tags/builds/201009231851
plugin@org.eclipse.objectteams.otdt.refactoring,0.7.1=SVN,url=file://localhost/svnroot/tools/org.eclipse.objectteams,path=plugins/org.eclipse.objectteams.otdt.refactoring,tag=tags/builds/201009231851
plugin@org.eclipse.objectteams.otdt.pde.ui,0.7.0=SVN,url=file://localhost/svnroot/tools/org.eclipse.objectteams,path=plugins/org.eclipse.objectteams.otdt.pde.ui,tag=tags/builds/201009231851
plugin@org.eclipse.objectteams.otdt.samples,0.7.0=SVN,url=file://localhost/svnroot/tools/org.eclipse.objectteams,path=plugins/org.eclipse.objectteams.otdt.samples,tag=tags/builds/201009231851

!** Consume BCEL from Orbit: **!
plugin@org.apache.bcel,5.2.0=p2IU,id=org.apache.bcel,version=5.2.0.v201005080400,repository=http://download.eclipse.org/tools/orbit/downloads/drops/R20100519200754/repository

!***************  OTDT Test CONTRIBUTION  ******************************************************** 


feature@org.eclipse.objectteams.otdt-tests=SVN,url=file://localhost/svnroot/tools/org.eclipse.objectteams/,path=features/org.eclipse.objectteams.otdt.feature/unit-tests-feature,tag=branches/maintenance/Eclipse_3.6_OTDT_0.7

plugin@org.eclipse.jdt.core.tests.compiler,3.3.100=SVN,url=file://localhost/svnroot/tools/org.eclipse.objectteams/,path=testplugins/org.eclipse.jdt.core.tests.compiler,tag=branches/maintenance/Eclipse_3.6_OTDT_0.7
plugin@org.eclipse.jdt.core.tests.model,3.3.100=SVN,url=file://localhost/svnroot/tools/org.eclipse.objectteams/,path=testplugins/org.eclipse.jdt.core.tests.model,tag=branches/maintenance/Eclipse_3.6_OTDT_0.7
plugin@org.eclipse.jdt.ui.tests,3.6.0=SVN,url=file://localhost/svnroot/tools/org.eclipse.objectteams/,path=testplugins/org.eclipse.jdt.ui.tests,tag=branches/maintenance/Eclipse_3.6_OTDT_0.7
plugin@org.eclipse.jdt.ui.tests.refactoring,3.6.0=SVN,url=file://localhost/svnroot/tools/org.eclipse.objectteams/,path=testplugins/org.eclipse.jdt.ui.tests.refactoring,tag=branches/maintenance/Eclipse_3.6_OTDT_0.7
plugin@org.eclipse.objectteams.otdt.tests,0.7.0=SVN,url=file://localhost/svnroot/tools/org.eclipse.objectteams/,path=testplugins/org.eclipse.objectteams.otdt.tests,tag=branches/maintenance/Eclipse_3.6_OTDT_0.7
plugin@org.eclipse.objectteams.otdt.ui.tests.dom,0.7.0=SVN,url=file://localhost/svnroot/tools/org.eclipse.objectteams/,path=testplugins/org.eclipse.objectteams.otdt.ui.tests.dom,tag=branches/maintenance/Eclipse_3.6_OTDT_0.7
plugin@org.eclipse.objectteams.otdt.debug.tests,0.7.0=SVN,url=file://localhost/svnroot/tools/org.eclipse.objectteams/,path=testplugins/org.eclipse.objectteams.otdt.debug.tests,tag=branches/maintenance/Eclipse_3.6_OTDT_0.7
plugin@org.eclipse.objectteams.otdt.ui.tests.refactoring,0.7.0=SVN,url=file://localhost/svnroot/tools/org.eclipse.objectteams/,path=testplugins/org.eclipse.objectteams.otdt.ui.tests.refactoring,tag=branches/maintenance/Eclipse_3.6_OTDT_0.7
!--no longer used from OT-branch ...
!plugin@org.eclipse.test.performance=SVN,url=file://localhost/svnroot/tools/org.eclipse.objectteams/,path=testplugins/org.eclipse.test.performance
!plugin@org.eclipse.jdt.core.tests.builder=SVN,url=file://localhost/svnroot/tools/org.eclipse.objectteams/,path=testplugins/org.eclipse.jdt.core.tests.builder
!plugin@org.eclipse.jdt.debug.tests=SVN,url=file://localhost/svnroot/tools/org.eclipse.objectteams/,path=testplugins/org.eclipse.jdt.debug.tests

!-- .. but from original CVS:
plugin@org.eclipse.jdt.core.tests.builder=v_A58,/cvsroot/eclipse,
plugin@org.eclipse.jdt.debug.tests=v20100526,/cvsroot/eclipse,

!-- not compiled but taken from org.eclipse.test:
!plugin@org.eclipse.test.performance=v20100122,/cvsroot/eclipse,
!plugin@org.eclipse.ant.optional.junit=v20080717,/cvsroot/eclipse,



!** OT/J Test Plugins **!
plugin@org.eclipse.objectteams.otdt.test.builder,0.7.0=SVN,url=file://localhost/svnroot/tools/org.eclipse.objectteams/,path=testplugins/org.eclipse.objectteams.otdt.test.builder,tag=branches/maintenance/Eclipse_3.6_OTDT_0.7
plugin@org.eclipse.objectteams.otdt.ui.tests,0.7.0=SVN,url=file://localhost/svnroot/tools/org.eclipse.objectteams/,path=testplugins/org.eclipse.objectteams.otdt.ui.tests,tag=branches/maintenance/Eclipse_3.6_OTDT_0.7
